Skip to content
shloka-22
jackrabbit-oak
Repository navigation
Code
Pull requests
Actions
Projects
Security
Insights
Settings
NonDex Flaky Test Check
Add NonDex workflow to reproduce flaky test #1
All jobs
Run details
Annotations
1 error and 1 warning
nondex-test
failed 7 minutes ago in 2m 52s
Search logs
1s
3s
1s
2m 5s
15s
25s
Run mvn -pl oak-auth-ldap edu.illinois:nondex-maven-plugin:2.1.1:nondex -Dtest=org.apache.jackrabbit.oak.security.authentication.ldap.GuestTokenDefaultLdapLoginModuleTest#testLoginSetsAuthInfo
[INFO] Scanning for projects...
Downloading from central: https://repo.maven.apache.org/maven2/edu/illinois/nondex-maven-plugin/2.1.1/nondex-maven-plugin-2.1.1.pom
Progress (1): 2.2 kB
Progress (1): 3.8 kB
Progress (1): 5.2 kB
                    
Downloaded from central: https://repo.maven.apache.org/maven2/edu/illinois/nondex-maven-plugin/2.1.1/nondex-maven-plugin-2.1.1.pom (5.2 kB at 25 kB/s)
Downloading from central: https://repo.maven.apache.org/maven2/edu/illinois/nondex/2.1.1/nondex-2.1.1.pom
Progress (1): 1.1 kB
Progress (1): 3.1 kB
Progress (1): 6.0 kB
Progress (1): 7.1 kB
                    
Downloaded from central: https://repo.maven.apache.org/maven2/edu/illinois/nondex/2.1.1/nondex-2.1.1.pom (7.1 kB at 88 kB/s)
Downloading from central: https://repo.maven.apache.org/maven2/edu/illinois/nondex-maven-plugin/2.1.1/nondex-maven-plugin-2.1.1.jar
Progress (1): 0.9/40 kB
Progress (1): 2.3/40 kB
Progress (1): 3.6/40 kB
Progress (1): 4.1/40 kB
Progress (1): 5.5/40 kB
Progress (1): 6.8/40 kB
Progress (1): 8.2/40 kB
Progress (1): 9.6/40 kB
Progress (1): 11/40 kB 
Progress (1): 12/40 kB
Progress (1): 14/40 kB
Progress (1): 15/40 kB
Progress (1): 16/40 kB
Progress (1): 18/40 kB
Progress (1): 19/40 kB
Progress (1): 21/40 kB
Progress (1): 22/40 kB
Progress (1): 23/40 kB
Progress (1): 25/40 kB
Progress (1): 26/40 kB
Progress (1): 27/40 kB
Progress (1): 29/40 kB
Progress (1): 30/40 kB
Progress (1): 31/40 kB
Progress (1): 33/40 kB
Progress (1): 34/40 kB
Progress (1): 36/40 kB
Progress (1): 37/40 kB
Progress (1): 38/40 kB
Progress (1): 40/40 kB
Progress (1): 40 kB   
                   
Downloaded from central: https://repo.maven.apache.org/maven2/edu/illinois/nondex-maven-plugin/2.1.1/nondex-maven-plugin-2.1.1.jar (40 kB at 1.0 MB/s)
[INFO] 
[INFO] ----------------< org.apache.jackrabbit:oak-auth-ldap >-----------------
[INFO] Building Oak LDAP Authentication Support 1.59-SNAPSHOT
[INFO]   from pom.xml
[INFO] -------------------------------[ bundle ]-------------------------------
[INFO] 
[INFO] >>> nondex:2.1.1:nondex (default-cli) > test-compile @ oak-auth-ldap >>>
[INFO] 
[INFO] --- enforcer:3.1.0:enforce (enforce-maven-version) @ oak-auth-ldap ---
[INFO] 
[INFO] --- enforcer:3.1.0:enforce (enforce-java-version) @ oak-auth-ldap ---
[INFO] 
[INFO] --- jacoco:0.8.8:prepare-agent (pre-unit-test) @ oak-auth-ldap ---
[INFO] test.opts.coverage set to -javaagent:/home/runner/.m2/repository/org/jacoco/org.jacoco.agent/0.8.8/org.jacoco.agent-0.8.8-runtime.jar=destfile=/home/runner/work/jackrabbit-oak/jackrabbit-oak/oak-auth-ldap/target/coverage-reports/jacoco-ut.exec
[INFO] 
[INFO] --- remote-resources:1.7.0:process (process-resource-bundles) @ oak-auth-ldap ---
[INFO] Preparing remote bundle org.apache:apache-jar-resource-bundle:1.4
[INFO] Copying 3 resources from 1 bundle.
[INFO] 
[INFO] --- resources:3.3.0:resources (default-resources) @ oak-auth-ldap ---
[INFO] skip non existing resourceDirectory /home/runner/work/jackrabbit-oak/jackrabbit-oak/oak-auth-ldap/src/main/resources
[INFO] Copying 3 resources
[INFO] 
[INFO] --- compiler:3.10.1:compile (default-compile) @ oak-auth-ldap ---
[INFO] Nothing to compile - all classes are up to date
[INFO] 
[INFO] --- bundle:5.1.8:manifest (scr-metadata) @ oak-auth-ldap ---
[INFO] Skipping manifest generation, everything is up to date.
[INFO] 
[INFO] --- resources:3.3.0:testResources (default-testResources) @ oak-auth-ldap ---
[INFO] Copying 3 resources
[INFO] Copying 3 resources
[INFO] 
[INFO] --- compiler:3.10.1:testCompile (default-testCompile) @ oak-auth-ldap ---
[INFO] Nothing to compile - all classes are up to date
[INFO] 
[INFO] <<< nondex:2.1.1:nondex (default-cli) < test-compile @ oak-auth-ldap <<<
[INFO] 
[INFO] 
[INFO] --- nondex:2.1.1:nondex (default-cli) @ oak-auth-ldap ---
Downloading from central: https://repo.maven.apache.org/maven2/org/apache/maven/surefire/surefire-report-parser/2.19.1/surefire-report-parser-2.19.1.pom
Progress (1): 1.4 kB
Progress (1): 3.4 kB
                    
Downloaded from central: https://repo.maven.apache.org/maven2/org/apache/maven/surefire/surefire-report-parser/2.19.1/surefire-report-parser-2.19.1.pom (3.4 kB at 129 kB/s)
Downloading from central: https://repo.maven.apache.org/maven2/org/apache/maven/surefire/surefire/2.19.1/surefire-2.19.1.pom
Progress (1): 800 B
Progress (1): 1.8 kB
Progress (1): 3.5 kB
Progress (1): 8.7 kB
Progress (1): 11 kB 
Progress (1): 14 kB
Progress (1): 17 kB
Progress (1): 18 kB
                   
Downloaded from central: https://repo.maven.apache.org/maven2/org/apache/maven/surefire/surefire/2.19.1/surefire-2.19.1.pom (18 kB at 802 kB/s)
Downloading from central: https://repo.maven.apache.org/maven2/org/twdata/maven/mojo-executor/2.2.0/mojo-executor-2.2.0.pom
Progress (1): 854 B
Progress (1): 2.2 kB
                    
Downloaded from central: https://repo.maven.apache.org/maven2/org/twdata/maven/mojo-executor/2.2.0/mojo-executor-2.2.0.pom (2.2 kB at 101 kB/s)
Downloading from central: https://repo.maven.apache.org/maven2/org/twdata/maven/mojo-executor-parent/2.2.0/mojo-executor-parent-2.2.0.pom
Progress (1): 734 B
Progress (1): 2.4 kB
Progress (1): 5.6 kB
Progress (1): 8.7 kB
Progress (1): 9.3 kB
                    
Downloaded from central: https://repo.maven.apache.org/maven2/org/twdata/maven/mojo-executor-parent/2.2.0/mojo-executor-parent-2.2.0.pom (9.3 kB at 403 kB/s)
Downloading from central: https://repo.maven.apache.org/maven2/org/codehaus/plexus/plexus-component-annotations/1.5.4/plexus-component-annotations-1.5.4.pom
Progress (1): 815 B
                   
Downloaded from central: https://repo.maven.apache.org/maven2/org/codehaus/plexus/plexus-component-annotations/1.5.4/plexus-component-annotations-1.5.4.pom (815 B at 39 kB/s)
Downloading from central: https://repo.maven.apache.org/maven2/org/codehaus/plexus/plexus-containers/1.5.4/plexus-containers-1.5.4.pom
Progress (1): 1.3 kB
Progress (1): 4.2 kB
                    
Downloaded from central: https://repo.maven.apache.org/maven2/org/codehaus/plexus/plexus-containers/1.5.4/plexus-containers-1.5.4.pom (4.2 kB at 223 kB/s)
Downloading from central: https://repo.maven.apache.org/maven2/org/codehaus/plexus/plexus/2.0.5/plexus-2.0.5.pom
Progress (1): 712 B
Progress (1): 2.8 kB
Progress (1): 6.4 kB
Progress (1): 9.1 kB
Progress (1): 13 kB 
Progress (1): 17 kB
                   
Downloaded from central: https://repo.maven.apache.org/maven2/org/codehaus/plexus/plexus/2.0.5/plexus-2.0.5.pom (17 kB at 867 kB/s)
Downloading from central: https://repo.maven.apache.org/maven2/edu/illinois/nondex-common/2.1.1/nondex-common-2.1.1.pom
Progress (1): 1.3 kB
Progress (1): 2.6 kB
                    
Downloaded from central: https://repo.maven.apache.org/maven2/edu/illinois/nondex-common/2.1.1/nondex-common-2.1.1.pom (2.6 kB at 119 kB/s)
Downloading from central: https://repo.maven.apache.org/maven2/javax/xml/bind/jaxb-api/2.3.1/jaxb-api-2.3.1.pom
Progress (1): 732 B
Progress (1): 2.0 kB
Progress (1): 4.2 kB
Progress (1): 7.2 kB
Progress (1): 10 kB 
Progress (1): 13 kB
Progress (1): 17 kB
Progress (1): 19 kB
Progress (1): 20 kB
                   
Downloaded from central: https://repo.maven.apache.org/maven2/javax/xml/bind/jaxb-api/2.3.1/jaxb-api-2.3.1.pom (20 kB at 747 kB/s)
Downloading from central: https://repo.maven.apache.org/maven2/javax/xml/bind/jaxb-api-parent/2.3.1/jaxb-api-parent-2.3.1.pom
Progress (1): 759 B
Progress (1): 2.0 kB
Progress (1): 4.0 kB
Progress (1): 6.5 kB
Progress (1): 8.1 kB
                    
Downloaded from central: https://repo.maven.apache.org/maven2/javax/xml/bind/jaxb-api-parent/2.3.1/jaxb-api-parent-2.3.1.pom (8.1 kB at 405 kB/s)
Downloading from central: https://repo.maven.apache.org/maven2/net/java/jvnet-parent/5/jvnet-parent-5.pom
Progress (1): 832 B
Progress (1): 2.8 kB
Progress (1): 5.3 kB
Progress (1): 8.9 kB
                    
Downloaded from central: https://repo.maven.apache.org/maven2/net/java/jvnet-parent/5/jvnet-parent-5.pom (8.9 kB at 422 kB/s)
Downloading from central: https://repo.maven.apache.org/maven2/edu/illinois/nondex-instrumentation/2.1.1/nondex-instrumentation-2.1.1.pom
Progress (1): 1.4 kB
Progress (1): 4.0 kB
                    
Downloaded from central: https://repo.maven.apache.org/maven2/edu/illinois/nondex-instrumentation/2.1.1/nondex-instrumentation-2.1.1.pom (4.0 kB at 182 kB/s)
Downloading from central: https://repo.maven.apache.org/maven2/edu/illinois/nondex-annotations/2.1.1/nondex-annotations-2.1.1.pom
Progress (1): 1.4 kB
Progress (1): 1.5 kB
                    
Downloaded from central: https://repo.maven.apache.org/maven2/edu/illinois/nondex-annotations/2.1.1/nondex-annotations-2.1.1.pom (1.5 kB at 73 kB/s)
Downloading from central: https://repo.maven.apache.org/maven2/org/apache/maven/surefire/surefire-report-parser/2.19.1/surefire-report-parser-2.19.1.jar
Downloading from central: https://repo.maven.apache.org/maven2/org/twdata/maven/mojo-executor/2.2.0/mojo-executor-2.2.0.jar
Downloading from central: https://repo.maven.apache.org/maven2/edu/illinois/nondex-common/2.1.1/nondex-common-2.1.1.jar
Downloading from central: https://repo.maven.apache.org/maven2/edu/illinois/nondex-instrumentation/2.1.1/nondex-instrumentation-2.1.1.jar
Downloading from central: https://repo.maven.apache.org/maven2/org/codehaus/plexus/plexus-utils/3.0.24/plexus-utils-3.0.24.jar
Progress (1): 3.8/12 kB
Progress (1): 8.0/12 kB
Progress (1): 12 kB    
                   
Downloaded from central: https://repo.maven.apache.org/maven2/org/twdata/maven/mojo-executor/2.2.0/mojo-executor-2.2.0.jar (12 kB at 281 kB/s)
Downloading from central: https://repo.maven.apache.org/maven2/edu/illinois/nondex-annotations/2.1.1/nondex-annotations-2.1.1.jar
Progress (1): 0.9/63 kB
Progress (1): 2.3/63 kB
Progress (1): 3.6/63 kB
Progress (1): 5.0/63 kB
Progress (1): 6.4/63 kB
Progress (1): 7.7/63 kB
Progress (2): 7.7/63 kB | 2.2 kB
                                
Downloaded from central: https://repo.maven.apache.org/maven2/edu/illinois/nondex-annotations/2.1.1/nondex-annotations-2.1.1.jar (2.2 kB at 38 kB/s)
Downloading from central: https://repo.maven.apache.org/maven2/javax/xml/bind/jaxb-api/2.3.1/jaxb-api-2.3.1.jar
Progress (1): 9.1/63 kB
Progress (1): 10/63 kB 
Progress (1): 12/63 kB
Progress (1): 13/63 kB
Progress (1): 15/63 kB
Progress (1): 16/63 kB
Progress (1): 17/63 kB
Progress (1): 19/63 kB
Progress (1): 20/63 kB
Progress (1): 21/63 kB
Progress (1): 23/63 kB
Progress (1): 24/63 kB
Progress (1): 26/63 kB
Progress (1): 27/63 kB
Progress (1): 28/63 kB
Progress (1): 30/63 kB
Progress (1): 31/63 kB
Progress (1): 32/63 kB
Progress (2): 32/63 kB | 0.9/35 kB
Progress (2): 34/63 kB | 0.9/35 kB
Progress (2): 34/63 kB | 2.3/35 kB
Progress (2): 35/63 kB | 2.3/35 kB
Progress (2): 35/63 kB | 3.6/35 kB
Progress (2): 36/63 kB | 3.6/35 kB
Progress (2): 36/63 kB | 5.0/35 kB
Progress (2): 38/63 kB | 5.0/35 kB
Progress (2): 39/63 kB | 5.0/35 kB
Progress (2): 39/63 kB | 6.4/35 kB
Progress (2): 41/63 kB | 6.4/35 kB
Progress (2): 41/63 kB | 7.7/35 kB
Progress (2): 42/63 kB | 7.7/35 kB
Progress (2): 42/63 kB | 9.1/35 kB
Progress (2): 43/63 kB | 9.1/35 kB
Progress (2): 43/63 kB | 10/35 kB 
Progress (2): 43/63 kB | 12/35 kB
Progress (2): 45/63 kB | 12/35 kB
Progress (2): 45/63 kB | 13/35 kB
Progress (2): 46/63 kB | 13/35 kB
Progress (2): 47/63 kB | 13/35 kB
Progress (2): 47/63 kB | 14/35 kB
Progress (2): 49/63 kB | 14/35 kB
Progress (3): 49/63 kB | 14/35 kB | 0.9/247 kB
Progress (3): 49/63 kB | 14/35 kB | 2.3/247 kB
Progress (3): 49/63 kB | 14/35 kB | 3.6/247 kB
Progress (3): 49/63 kB | 14/35 kB | 5.0/247 kB
Progress (3): 49/63 kB | 14/35 kB | 6.4/247 kB
Progress (3): 49/63 kB | 14/35 kB | 7.7/247 kB
Progress (3): 49/63 kB | 14/35 kB | 9.1/247 kB
Progress (3): 50/63 kB | 14/35 kB | 9.1/247 kB
Progress (3): 52/63 kB | 14/35 kB | 9.1/247 kB
Progress (3): 53/63 kB | 14/35 kB | 9.1/247 kB
Progress (3): 54/63 kB | 14/35 kB | 9.1/247 kB
Progress (3): 56/63 kB | 14/35 kB | 9.1/247 kB
Progress (3): 56/63 kB | 16/35 kB | 9.1/247 kB
Progress (3): 56/63 kB | 17/35 kB | 9.1/247 kB
Progress (3): 60/63 kB | 17/35 kB | 9.1/247 kB
Progress (3): 60/63 kB | 18/35 kB | 9.1/247 kB
Progress (3): 60/63 kB | 20/35 kB | 9.1/247 kB
Progress (3): 63 kB | 20/35 kB | 9.1/247 kB   
Progress (3): 63 kB | 21/35 kB | 9.1/247 kB
Progress (3): 63 kB | 23/35 kB | 9.1/247 kB
Progress (3): 63 kB | 24/35 kB | 9.1/247 kB
Progress (3): 63 kB | 24/35 kB | 10/247 kB 
Progress (3): 63 kB | 25/35 kB | 10/247 kB
Progress (3): 63 kB | 25/35 kB | 12/247 kB
Progress (3): 63 kB | 27/35 kB | 12/247 kB
Progress (3): 63 kB | 27/35 kB | 13/247 kB
Progress (3): 63 kB | 28/35 kB | 13/247 kB
Progress (3): 63 kB | 28/35 kB | 15/247 kB
Progress (3): 63 kB | 29/35 kB | 15/247 kB
Progress (3): 63 kB | 31/35 kB | 15/247 kB
Progress (3): 63 kB | 31/35 kB | 16/247 kB
Progress (3): 63 kB | 32/35 kB | 16/247 kB
Progress (3): 63 kB | 32/35 kB | 17/247 kB
Progress (3): 63 kB | 32/35 kB | 19/247 kB
Progress (3): 63 kB | 33/35 kB | 19/247 kB
Progress (3): 63 kB | 33/35 kB | 20/247 kB
Progress (3): 63 kB | 35/35 kB | 20/247 kB
Progress (3): 63 kB | 35 kB | 20/247 kB   
Progress (3): 63 kB | 35 kB | 21/247 kB
Progress (3): 63 kB | 35 kB | 23/247 kB
Progress (3): 63 kB | 35 kB | 24/247 kB
Progress (3): 63 kB | 35 kB | 26/247 kB
Progress (3): 63 kB | 35 kB | 27/247 kB
Progress (4): 63 kB | 35 kB | 27/247 kB | 0.9/546 kB
Progress (4): 63 kB | 35 kB | 28/247 kB | 0.9/546 kB
Progress (4): 63 kB | 35 kB | 28/247 kB | 2.3/546 kB
                                                    
Downloaded from central: https://repo.maven.apache.org/maven2/org/apache/maven/surefire/surefire-report-parser/2.19.1/surefire-report-parser-2.19.1.jar (63 kB at 697 kB/s)
Progress (3): 35 kB | 28/247 kB | 3.6/546 kB
                                            
Downloaded from central: https://repo.maven.apache.org/maven2/edu/illinois/nondex-common/2.1.1/nondex-common-2.1.1.jar (35 kB at 387 kB/s)
Progress (2): 28/247 kB | 5.0/546 kB
Progress (2): 28/247 kB | 6.4/546 kB
Progress (2): 28/247 kB | 7.7/546 kB
Progress (2): 28/247 kB | 9.1/546 kB
Progress (2): 28/247 kB | 10/546 kB 
Progress (2): 28/247 kB | 12/546 kB
Progress (2): 30/247 kB | 12/546 kB
Progress (2): 31/247 kB | 12/546 kB
Progress (2): 32/247 kB | 12/546 kB
Progress (2): 33/247 kB | 12/546 kB
Progress (2): 35/247 kB | 12/546 kB
Progress (2): 36/247 kB | 12/546 kB
Progress (2): 38/247 kB | 12/546 kB
Progress (2): 39/247 kB | 12/546 kB
Progress (2): 40/247 kB | 12/546 kB
Progress (2): 42/247 kB | 12/546 kB
Progress (2): 43/247 kB | 12/546 kB
Progress (2): 44/247 kB | 12/546 kB
Progress (2): 46/247 kB | 12/546 kB
Progress (2): 46/247 kB | 13/546 kB
Progress (2): 46/247 kB | 15/546 kB
Progress (2): 46/247 kB | 16/546 kB
Progress (2): 46/247 kB | 17/546 kB
Progress (2): 46/247 kB | 18/546 kB
Progress (2): 46/247 kB | 20/546 kB
Progress (2): 46/247 kB | 21/546 kB
Progress (2): 47/247 kB | 21/546 kB
Progress (2): 47/247 kB | 23/546 kB
Progress (2): 48/247 kB | 23/546 kB
Progress (2): 48/247 kB | 24/546 kB
Progress (2): 50/247 kB | 24/546 kB
Progress (2): 50/247 kB | 25/546 kB
Progress (2): 51/247 kB | 25/546 kB
Progress (2): 51/247 kB | 27/546 kB
Progress (2): 53/247 kB | 27/546 kB
Progress (2): 53/247 kB | 28/546 kB
Progress (2): 54/247 kB | 28/546 kB
Progress (2): 54/247 kB | 29/546 kB
Progress (2): 55/247 kB | 29/546 kB
Progress (2): 55/247 kB | 31/546 kB
Progress (2): 55/247 kB | 32/546 kB
Progress (2): 60/247 kB | 32/546 kB
Progress (2): 60/247 kB | 33/546 kB
Progress (2): 60/247 kB | 35/546 kB
Progress (2): 64/247 kB | 35/546 kB
Progress (2): 64/247 kB | 36/546 kB
Progress (2): 68/247 kB | 36/546 kB
Progress (2): 72/247 kB | 36/546 kB
Progress (2): 76/247 kB | 36/546 kB
Progress (3): 76/247 kB | 36/546 kB | 3.8/128 kB
Progress (3): 76/247 kB | 36/546 kB | 8.0/128 kB
Progress (3): 76/247 kB | 36/546 kB | 12/128 kB 
Progress (3): 76/247 kB | 36/546 kB | 16/128 kB
Progress (3): 76/247 kB | 36/546 kB | 21/128 kB
Progress (3): 76/247 kB | 38/546 kB | 21/128 kB
Progress (3): 76/247 kB | 39/546 kB | 21/128 kB
Progress (3): 76/247 kB | 39/546 kB | 25/128 kB
Progress (3): 76/247 kB | 40/546 kB | 25/128 kB
Progress (3): 76/247 kB | 42/546 kB | 25/128 kB
Progress (3): 76/247 kB | 42/546 kB | 29/128 kB
Progress (3): 76/247 kB | 43/546 kB | 29/128 kB
Progress (3): 76/247 kB | 44/546 kB | 29/128 kB
Progress (3): 76/247 kB | 46/546 kB | 29/128 kB
Progress (3): 76/247 kB | 47/546 kB | 29/128 kB
Progress (3): 76/247 kB | 49/546 kB | 29/128 kB
Progress (3): 76/247 kB | 49/546 kB | 29/128 kB
Progress (3): 76/247 kB | 51/546 kB | 29/128 kB
Progress (3): 76/247 kB | 52/546 kB | 29/128 kB
Progress (3): 76/247 kB | 53/546 kB | 29/128 kB
Progress (3): 76/247 kB | 55/546 kB | 29/128 kB
Progress (3): 76/247 kB | 59/546 kB | 29/128 kB
Progress (3): 81/247 kB | 59/546 kB | 29/128 kB
Progress (3): 85/247 kB | 59/546 kB | 29/128 kB
Progress (3): 89/247 kB | 59/546 kB | 29/128 kB
Progress (3): 93/247 kB | 59/546 kB | 29/128 kB
Progress (3): 98/247 kB | 59/546 kB | 29/128 kB
Progress (3): 98/247 kB | 63/546 kB | 29/128 kB
Progress (3): 102/247 kB | 63/546 kB | 29/128 kB
Progress (3): 102/247 kB | 66/546 kB | 29/128 kB
Progress (3): 106/247 kB | 66/546 kB | 29/128 kB
Progress (3): 106/247 kB | 70/546 kB | 29/128 kB
Progress (3): 106/247 kB | 74/546 kB | 29/128 kB
Progress (3): 106/247 kB | 74/546 kB | 33/128 kB
Progress (3): 106/247 kB | 78/546 kB | 33/128 kB
Progress (3): 106/247 kB | 78/546 kB | 38/128 kB
Progress (3): 106/247 kB | 82/546 kB | 38/128 kB
Progress (3): 106/247 kB | 82/546 kB | 42/128 kB
Progress (3): 106/247 kB | 86/546 kB | 42/128 kB
Progress (3): 106/247 kB | 86/546 kB | 46/128 kB
Progress (3): 106/247 kB | 90/546 kB | 46/128 kB
Progress (3): 106/247 kB | 95/546 kB | 46/128 kB
Progress (3): 106/247 kB | 95/546 kB | 62/128 kB
Progress (3): 106/247 kB | 99/546 kB | 62/128 kB
Progress (3): 106/247 kB | 103/546 kB | 62/128 kB
Progress (3): 106/247 kB | 107/546 kB | 62/128 kB
Progress (3): 110/247 kB | 107/546 kB | 62/128 kB
Progress (3): 110/247 kB | 112/546 kB | 62/128 kB
Progress (3): 115/247 kB | 112/546 kB | 62/128 kB
Progress (3): 115/247 kB | 112/546 kB | 62/128 kB
Progress (3): 115/247 kB | 115/546 kB | 62/128 kB
Progress (3): 119/247 kB | 115/546 kB | 62/128 kB
Progress (3): 119/247 kB | 119/546 kB | 62/128 kB
Progress (3): 119/247 kB | 123/546 kB | 62/128 kB
Progress (3): 123/247 kB | 123/546 kB | 62/128 kB
Progress (3): 123/247 kB | 127/546 kB | 62/128 kB
Progress (3): 127/247 kB | 127/546 kB | 62/128 kB
Progress (3): 132/247 kB | 127/546 kB | 62/128 kB
Progress (3): 136/247 kB | 127/546 kB | 62/128 kB
Progress (3): 140/247 kB | 127/546 kB | 62/128 kB
Progress (3): 140/247 kB | 127/546 kB | 79/128 kB
Progress (3): 140/247 kB | 127/546 kB | 95/128 kB
Progress (3): 140/247 kB | 131/546 kB | 95/128 kB
Progress (3): 140/247 kB | 131/546 kB | 112/128 kB
Progress (3): 140/247 kB | 135/546 kB | 112/128 kB
Progress (3): 140/247 kB | 140/546 kB | 112/128 kB
Progress (3): 140/247 kB | 144/546 kB | 112/128 kB
Progress (3): 140/247 kB | 148/546 kB | 112/128 kB
Progress (3): 140/247 kB | 152/546 kB | 112/128 kB
Progress (3): 140/247 kB | 156/546 kB | 112/128 kB
Progress (3): 140/247 kB | 161/546 kB | 112/128 kB
Progress (3): 140/247 kB | 164/546 kB | 112/128 kB
Progress (3): 140/247 kB | 168/546 kB | 112/128 kB
Progress (3): 140/247 kB | 172/546 kB | 112/128 kB
Progress (3): 140/247 kB | 177/546 kB | 112/128 kB
Progress (3): 140/247 kB | 180/546 kB | 112/128 kB
Progress (3): 144/247 kB | 180/546 kB | 112/128 kB
Progress (3): 144/247 kB | 184/546 kB | 112/128 kB
Progress (3): 144/247 kB | 189/546 kB | 112/128 kB
Progress (3): 149/247 kB | 189/546 kB | 112/128 kB
Progress (3): 153/247 kB | 189/546 kB | 112/128 kB
Progress (3): 153/247 kB | 193/546 kB | 112/128 kB
Progress (3): 153/247 kB | 197/546 kB | 112/128 kB
Progress (3): 157/247 kB | 197/546 kB | 112/128 kB
Progress (3): 157/247 kB | 201/546 kB | 112/128 kB
Progress (3): 161/247 kB | 201/546 kB | 112/128 kB
Progress (3): 161/247 kB | 205/546 kB | 112/128 kB
Progress (3): 165/247 kB | 205/546 kB | 112/128 kB
Progress (3): 165/247 kB | 209/546 kB | 112/128 kB
Progress (3): 170/247 kB | 209/546 kB | 112/128 kB
Progress (3): 170/247 kB | 213/546 kB | 112/128 kB
Progress (3): 174/247 kB | 213/546 kB | 112/128 kB
Progress (3): 178/247 kB | 213/546 kB | 112/128 kB
Progress (3): 180/247 kB | 213/546 kB | 112/128 kB
Progress (3): 184/247 kB | 213/546 kB | 112/128 kB
Progress (3): 184/247 kB | 213/546 kB | 128/128 kB
Progress (3): 184/247 kB | 213/546 kB | 128 kB    
                                              
Downloaded from central: https://repo.maven.apache.org/maven2/javax/xml/bind/jaxb-api/2.3.1/jaxb-api-2.3.1.jar (128 kB at 1.0 MB/s)
Progress (2): 189/247 kB | 213/546 kB
Progress (2): 193/247 kB | 213/546 kB
Progress (2): 197/247 kB | 213/546 kB
Progress (2): 201/247 kB | 213/546 kB
Progress (2): 206/247 kB | 213/546 kB
Progress (2): 210/247 kB | 213/546 kB
Progress (2): 210/247 kB | 217/546 kB
Progress (2): 214/247 kB | 217/546 kB
Progress (2): 218/247 kB | 217/546 kB
Progress (2): 218/247 kB | 229/546 kB
Progress (2): 218/247 kB | 246/546 kB
Progress (2): 218/247 kB | 262/546 kB
Progress (2): 235/247 kB | 262/546 kB
Progress (2): 247 kB | 262/546 kB    
                                 
Downloaded from central: https://repo.maven.apache.org/maven2/org/codehaus/plexus/plexus-utils/3.0.24/plexus-utils-3.0.24.jar (247 kB at 2.0 MB/s)
Progress (1): 279/546 kB
Progress (1): 295/546 kB
Progress (1): 311/546 kB
Progress (1): 328/546 kB
Progress (1): 344/546 kB
Progress (1): 360/546 kB
Progress (1): 377/546 kB
Progress (1): 393/546 kB
Progress (1): 410/546 kB
Progress (1): 426/546 kB
Progress (1): 442/546 kB
Progress (1): 459/546 kB
Progress (1): 475/546 kB
Progress (1): 492/546 kB
Progress (1): 508/546 kB
Progress (1): 524/546 kB
Progress (1): 541/546 kB
Progress (1): 546 kB    
                    
Downloaded from central: https://repo.maven.apache.org/maven2/edu/illinois/nondex-instrumentation/2.1.1/nondex-instrumentation-2.1.1.jar (546 kB at 3.8 MB/s)
INFO: The original argline is: 
INFO: Adding NonDex argLine to existing argLine specified by the project
CONFIG: nondexFilter=.*
nondexMode=FULL
nondexSeed=933178
nondexStart=0
nondexEnd=9223372036854775807
nondexPrintstack=false
nondexDir=/home/runner/work/jackrabbit-oak/jackrabbit-oak/oak-auth-ldap/.nondex
nondexJarDir=.nondex
nondexExecid=clean_cwxIKzadYHtk2Dvn48FFqjRrWstZH3SO3KrUCSNF5k=
nondexLogging=CONFIG
test=
[INFO] 
[INFO] -------------------------------------------------------
[INFO]  T E S T S
[INFO] -------------------------------------------------------
[INFO] Running org.apache.jackrabbit.oak.security.authentication.ldap.GuestTokenDefaultLdapLoginModuleTest
[INFO] Tests run: 1, Failures: 0, Errors: 0, Skipped: 0, Time elapsed: 3.369 s - in org.apache.jackrabbit.oak.security.authentication.ldap.GuestTokenDefaultLdapLoginModuleTest
[INFO] 
[INFO] Results:
[INFO] 
[INFO] Tests run: 1, Failures: 0, Errors: 0, Skipped: 0
[INFO] 
INFO: Adding excluded groups to newly created one
INFO: Adding NonDex argLine to existing argLine specified by the project
CONFIG: nondexFilter=.*
nondexMode=FULL
nondexSeed=933178
nondexStart=0
nondexEnd=9223372036854775807
nondexPrintstack=false
nondexDir=/home/runner/work/jackrabbit-oak/jackrabbit-oak/oak-auth-ldap/.nondex
nondexJarDir=/home/runner/work/jackrabbit-oak/jackrabbit-oak/oak-auth-ldap/.nondex
nondexExecid=on5W7u5s6hQQPGVdTX71dxNN+ekOWU9w6xL13apCpOo=
nondexLogging=CONFIG
test=
Downloading from central: https://repo.maven.apache.org/maven2/org/apache/maven/surefire/surefire-junit47/2.22.2/surefire-junit47-2.22.2.pom
Progress (1): 844 B
Progress (1): 2.6 kB
Progress (1): 6.3 kB
                    
Downloaded from central: https://repo.maven.apache.org/maven2/org/apache/maven/surefire/surefire-junit47/2.22.2/surefire-junit47-2.22.2.pom (6.3 kB at 242 kB/s)
Downloading from central: https://repo.maven.apache.org/maven2/org/apache/maven/surefire/common-junit48/2.22.2/common-junit48-2.22.2.pom
Progress (1): 857 B
Progress (1): 2.9 kB
Progress (1): 3.2 kB
                    
Downloaded from central: https://repo.maven.apache.org/maven2/org/apache/maven/surefire/common-junit48/2.22.2/common-junit48-2.22.2.pom (3.2 kB at 95 kB/s)
Downloading from central: https://repo.maven.apache.org/maven2/org/apache/maven/surefire/common-junit4/2.22.2/common-junit4-2.22.2.pom
Progress (1): 881 B
Progress (1): 2.1 kB
                    
Downloaded from central: https://repo.maven.apache.org/maven2/org/apache/maven/surefire/common-junit4/2.22.2/common-junit4-2.22.2.pom (2.1 kB at 24 kB/s)
Downloading from central: https://repo.maven.apache.org/maven2/org/apache/maven/surefire/common-junit3/2.22.2/common-junit3-2.22.2.pom
Progress (1): 890 B
Progress (1): 1.6 kB
                    
Downloaded from central: https://repo.maven.apache.org/maven2/org/apache/maven/surefire/common-junit3/2.22.2/common-junit3-2.22.2.pom (1.6 kB at 66 kB/s)
Downloading from central: https://repo.maven.apache.org/maven2/org/apache/maven/surefire/common-java5/2.22.2/common-java5-2.22.2.pom
Progress (1): 1.4 kB
Progress (1): 2.7 kB
                    
Downloaded from central: https://repo.maven.apache.org/maven2/org/apache/maven/surefire/common-java5/2.22.2/common-java5-2.22.2.pom (2.7 kB at 107 kB/s)
Downloading from central: https://repo.maven.apache.org/maven2/org/apache/maven/shared/maven-shared-utils/0.9/maven-shared-utils-0.9.pom
Progress (1): 1.0 kB
Progress (1): 3.6 kB
Progress (1): 6.2 kB
                    
Downloaded from central: https://repo.maven.apache.org/maven2/org/apache/maven/shared/maven-shared-utils/0.9/maven-shared-utils-0.9.pom (6.2 kB at 283 kB/s)
Downloading from central: https://repo.maven.apache.org/maven2/org/apache/maven/surefire/surefire-grouper/2.22.2/surefire-grouper-2.22.2.pom
Progress (1): 844 B
Progress (1): 2.5 kB
Progress (1): 2.6 kB
                    
Downloaded from central: https://repo.maven.apache.org/maven2/org/apache/maven/surefire/surefire-grouper/2.22.2/surefire-grouper-2.22.2.pom (2.6 kB at 98 kB/s)
Downloading from central: https://repo.maven.apache.org/maven2/org/apache/maven/surefire/surefire-junit47/2.22.2/surefire-junit47-2.22.2.jar
Downloading from central: https://repo.maven.apache.org/maven2/org/apache/maven/surefire/common-junit48/2.22.2/common-junit48-2.22.2.jar
Downloading from central: https://repo.maven.apache.org/maven2/org/apache/maven/surefire/common-junit4/2.22.2/common-junit4-2.22.2.jar
Downloading from central: https://repo.maven.apache.org/maven2/org/apache/maven/surefire/common-junit3/2.22.2/common-junit3-2.22.2.jar
Downloading from central: https://repo.maven.apache.org/maven2/org/apache/maven/surefire/common-java5/2.22.2/common-java5-2.22.2.jar
Progress (1): 7.7/160 kB
Progress (1): 16/160 kB 
Progress (1): 32/160 kB
Progress (1): 49/160 kB
Progress (1): 57/160 kB
Progress (1): 73/160 kB
Progress (1): 90/160 kB
Progress (1): 98/160 kB
Progress (1): 115/160 kB
Progress (1): 131/160 kB
Progress (2): 131/160 kB | 3.8/22 kB
Progress (2): 131/160 kB | 8.0/22 kB
Progress (2): 131/160 kB | 12/22 kB 
Progress (3): 131/160 kB | 12/22 kB | 7.7/28 kB
Progress (3): 131/160 kB | 12/22 kB | 12/28 kB 
Progress (3): 131/160 kB | 16/22 kB | 12/28 kB
Progress (3): 147/160 kB | 16/22 kB | 12/28 kB
Progress (3): 147/160 kB | 21/22 kB | 12/28 kB
Progress (3): 147/160 kB | 22 kB | 12/28 kB   
Progress (3): 147/160 kB | 22 kB | 28 kB   
Progress (3): 160 kB | 22 kB | 28 kB    
                                    
Downloaded from central: https://repo.maven.apache.org/maven2/org/apache/maven/surefire/common-junit48/2.22.2/common-junit48-2.22.2.jar (22 kB at 784 kB/s)
Downloaded from central: https://repo.maven.apache.org/maven2/org/apache/maven/surefire/common-junit4/2.22.2/common-junit4-2.22.2.jar (28 kB at 1.0 MB/s)
Progress (2): 160 kB | 7.7/12 kB
Progress (2): 160 kB | 12 kB    
                            
Downloaded from central: https://repo.maven.apache.org/maven2/org/apache/maven/surefire/common-junit3/2.22.2/common-junit3-2.22.2.jar (12 kB at 431 kB/s)
Downloaded from central: https://repo.maven.apache.org/maven2/org/apache/maven/surefire/surefire-junit47/2.22.2/surefire-junit47-2.22.2.jar (160 kB at 5.7 MB/s)
Downloading from central: https://repo.maven.apache.org/maven2/org/apache/maven/shared/maven-shared-utils/0.9/maven-shared-utils-0.9.jar
Progress (1): 0.9/51 kB
Progress (1): 2.3/51 kB
Progress (1): 3.6/51 kB
Progress (1): 5.0/51 kB
Progress (1): 6.4/51 kB
Progress (1): 7.7/51 kB
Progress (1): 9.1/51 kB
Progress (1): 10/51 kB 
Progress (1): 12/51 kB
Progress (1): 13/51 kB
                      
Downloading from central: https://repo.maven.apache.org/maven2/org/apache/maven/surefire/surefire-grouper/2.22.2/surefire-grouper-2.22.2.jar
Progress (1): 15/51 kB
Progress (1): 16/51 kB
Progress (1): 17/51 kB
Progress (1): 19/51 kB
Progress (1): 23/51 kB
Progress (1): 27/51 kB
Progress (1): 29/51 kB
Progress (1): 33/51 kB
Progress (1): 37/51 kB
Progress (1): 41/51 kB
Progress (1): 46/51 kB
Progress (1): 50/51 kB
Progress (1): 51 kB   
                   
Downloaded from central: https://repo.maven.apache.org/maven2/org/apache/maven/surefire/common-java5/2.22.2/common-java5-2.22.2.jar (51 kB at 1.6 MB/s)
Progress (1): 7.7/40 kB
Progress (1): 16/40 kB 
Progress (1): 32/40 kB
Progress (1): 40 kB   
                   
Downloaded from central: https://repo.maven.apache.org/maven2/org/apache/maven/surefire/surefire-grouper/2.22.2/surefire-grouper-2.22.2.jar (40 kB at 1.9 MB/s)
Progress (1): 7.7/172 kB
Progress (1): 8.2/172 kB
Progress (1): 16/172 kB 
Progress (1): 33/172 kB
Progress (1): 49/172 kB
Progress (1): 66/172 kB
Progress (1): 82/172 kB
Progress (1): 98/172 kB
Progress (1): 115/172 kB
Progress (1): 131/172 kB
Progress (1): 147/172 kB
Progress (1): 164/172 kB
Progress (1): 172 kB    
                    
Downloaded from central: https://repo.maven.apache.org/maven2/org/apache/maven/shared/maven-shared-utils/0.9/maven-shared-utils-0.9.jar (172 kB at 4.5 MB/s)
[INFO] 
[INFO] -------------------------------------------------------
[INFO]  T E S T S
[INFO] -------------------------------------------------------
[INFO] Running org.apache.jackrabbit.oak.security.authentication.ldap.GuestTokenDefaultLdapLoginModuleTest
Error:  Tests run: 1, Failures: 0, Errors: 1, Skipped: 0, Time elapsed: 2.554 s <<< FAILURE! - in org.apache.jackrabbit.oak.security.authentication.ldap.GuestTokenDefaultLdapLoginModuleTest
Error:  testLoginSetsAuthInfo(org.apache.jackrabbit.oak.security.authentication.ldap.GuestTokenDefaultLdapLoginModuleTest)  Time elapsed: 2.52 s  <<< ERROR!
javax.security.auth.login.LoginException: Login Failure: all modules ignored
	at java.base/javax.security.auth.login.LoginContext.invoke(LoginContext.java:892)
	at java.base/javax.security.auth.login.LoginContext$4.run(LoginContext.java:672)
	at java.base/javax.security.auth.login.LoginContext$4.run(LoginContext.java:670)
	at java.base/java.security.AccessController.doPrivileged(Native Method)
	at java.base/javax.security.auth.login.LoginContext.invokePriv(LoginContext.java:670)
	at java.base/javax.security.auth.login.LoginContext.login(LoginContext.java:581)
	at org.apache.jackrabbit.oak.core.ContentRepositoryImpl.login(ContentRepositoryImpl.java:170)
	at org.apache.jackrabbit.oak.AbstractSecurityTest.login(AbstractSecurityTest.java:176)
	at org.apache.jackrabbit.oak.security.authentication.ldap.LdapLoginTestBase.testLoginSetsAuthInfo(LdapLoginTestBase.java:293)
	at java.base/jdk.internal.reflect.NativeMethodAccessorImpl.invoke0(Native Method)
	at java.base/jdk.internal.reflect.NativeMethodAccessorImpl.invoke(NativeMethodAccessorImpl.java:62)
	at java.base/jdk.internal.reflect.DelegatingMethodAccessorImpl.invoke(DelegatingMethodAccessorImpl.java:43)
	at java.base/java.lang.reflect.Method.invoke(Method.java:566)
	at org.junit.runners.model.FrameworkMethod$1.runReflectiveCall(FrameworkMethod.java:59)
	at org.junit.internal.runners.model.ReflectiveCallable.run(ReflectiveCallable.java:12)
	at org.junit.runners.model.FrameworkMethod.invokeExplosively(FrameworkMethod.java:56)
	at org.junit.internal.runners.statements.InvokeMethod.evaluate(InvokeMethod.java:17)
	at org.junit.internal.runners.statements.RunBefores.evaluate(RunBefores.java:26)
	at org.junit.internal.runners.statements.RunAfters.evaluate(RunAfters.java:27)
	at org.junit.rules.ExternalResource$1.evaluate(ExternalResource.java:54)
	at org.junit.runners.ParentRunner$3.evaluate(ParentRunner.java:306)
	at org.junit.runners.BlockJUnit4ClassRunner$1.evaluate(BlockJUnit4ClassRunner.java:100)
	at org.junit.runners.ParentRunner.runLeaf(ParentRunner.java:366)
	at org.junit.runners.BlockJUnit4ClassRunner.runChild(BlockJUnit4ClassRunner.java:103)
	at org.junit.runners.BlockJUnit4ClassRunner.runChild(BlockJUnit4ClassRunner.java:63)
	at org.junit.runners.ParentRunner$4.run(ParentRunner.java:331)
	at org.junit.runners.ParentRunner$1.schedule(ParentRunner.java:79)
	at org.junit.runners.ParentRunner.runChildren(ParentRunner.java:329)
	at org.junit.runners.ParentRunner.access$100(ParentRunner.java:66)
	at org.junit.runners.ParentRunner$2.evaluate(ParentRunner.java:293)
	at org.junit.internal.runners.statements.RunBefores.evaluate(RunBefores.java:26)
	at org.junit.internal.runners.statements.RunAfters.evaluate(RunAfters.java:27)
	at org.junit.runners.ParentRunner$3.evaluate(ParentRunner.java:306)
	at org.junit.runners.ParentRunner.run(ParentRunner.java:413)
	at org.junit.runners.Suite.runChild(Suite.java:128)
	at org.junit.runners.Suite.runChild(Suite.java:27)
	at org.junit.runners.ParentRunner$4.run(ParentRunner.java:331)
	at org.junit.runners.ParentRunner$1.schedule(ParentRunner.java:79)
	at org.junit.runners.ParentRunner.runChildren(ParentRunner.java:329)
	at org.junit.runners.ParentRunner.access$100(ParentRunner.java:66)
	at org.junit.runners.ParentRunner$2.evaluate(ParentRunner.java:293)
	at org.junit.runners.ParentRunner$3.evaluate(ParentRunner.java:306)
	at org.junit.runners.ParentRunner.run(ParentRunner.java:413)
	at org.apache.maven.surefire.junitcore.JUnitCore.run(JUnitCore.java:55)
	at org.apache.maven.surefire.junitcore.JUnitCoreWrapper.createRequestAndRun(JUnitCoreWrapper.java:137)
	at org.apache.maven.surefire.junitcore.JUnitCoreWrapper.executeEager(JUnitCoreWrapper.java:107)
	at org.apache.maven.surefire.junitcore.JUnitCoreWrapper.execute(JUnitCoreWrapper.java:83)
	at org.apache.maven.surefire.junitcore.JUnitCoreWrapper.execute(JUnitCoreWrapper.java:75)
	at org.apache.maven.surefire.junitcore.JUnitCoreProvider.invoke(JUnitCoreProvider.java:158)
	at org.apache.maven.surefire.booter.ForkedBooter.invokeProviderInSameClassLoader(ForkedBooter.java:384)
	at org.apache.maven.surefire.booter.ForkedBooter.runSuitesInProcess(ForkedBooter.java:345)
	at org.apache.maven.surefire.booter.ForkedBooter.execute(ForkedBooter.java:126)
	at org.apache.maven.surefire.booter.ForkedBooter.main(ForkedBooter.java:418)

[INFO] 
[INFO] Results:
[INFO] 
Error:  Errors: 
Error:    GuestTokenDefaultLdapLoginModuleTest>LdapLoginTestBase.testLoginSetsAuthInfo:293->AbstractSecurityTest.login:176 » Login
[INFO] 
Error:  Tests run: 1, Failures: 0, Errors: 1, Skipped: 0
[INFO] 
INFO: Surefire failed when running tests for on5W7u5s6hQQPGVdTX71dxNN+ekOWU9w6xL13apCpOo=
INFO: Adding excluded groups to newly created one
INFO: Adding NonDex argLine to existing argLine specified by the project
CONFIG: nondexFilter=.*
nondexMode=FULL
nondexSeed=974622
nondexStart=0
nondexEnd=9223372036854775807
nondexPrintstack=false
nondexDir=/home/runner/work/jackrabbit-oak/jackrabbit-oak/oak-auth-ldap/.nondex
nondexJarDir=/home/runner/work/jackrabbit-oak/jackrabbit-oak/oak-auth-ldap/.nondex
nondexExecid=HrRMV1ty1KY5wUn8tywyF65St7PFS+vCnLZPS9qA=
nondexLogging=CONFIG
test=
[INFO] 
[INFO] -------------------------------------------------------
[INFO]  T E S T S
[INFO] -------------------------------------------------------
[INFO] Running org.apache.jackrabbit.oak.security.authentication.ldap.GuestTokenDefaultLdapLoginModuleTest
Error:  Tests run: 1, Failures: 0, Errors: 1, Skipped: 0, Time elapsed: 2.587 s <<< FAILURE! - in org.apache.jackrabbit.oak.security.authentication.ldap.GuestTokenDefaultLdapLoginModuleTest
Error:  testLoginSetsAuthInfo(org.apache.jackrabbit.oak.security.authentication.ldap.GuestTokenDefaultLdapLoginModuleTest)  Time elapsed: 2.551 s  <<< ERROR!
javax.security.auth.login.LoginException: Login Failure: all modules ignored
	at java.base/javax.security.auth.login.LoginContext.invoke(LoginContext.java:892)
	at java.base/javax.security.auth.login.LoginContext$4.run(LoginContext.java:672)
	at java.base/javax.security.auth.login.LoginContext$4.run(LoginContext.java:670)
	at java.base/java.security.AccessController.doPrivileged(Native Method)
	at java.base/javax.security.auth.login.LoginContext.invokePriv(LoginContext.java:670)
	at java.base/javax.security.auth.login.LoginContext.login(LoginContext.java:581)
	at org.apache.jackrabbit.oak.core.ContentRepositoryImpl.login(ContentRepositoryImpl.java:170)
	at org.apache.jackrabbit.oak.AbstractSecurityTest.login(AbstractSecurityTest.java:176)
	at org.apache.jackrabbit.oak.security.authentication.ldap.LdapLoginTestBase.testLoginSetsAuthInfo(LdapLoginTestBase.java:293)
	at java.base/jdk.internal.reflect.NativeMethodAccessorImpl.invoke0(Native Method)
	at java.base/jdk.internal.reflect.NativeMethodAccessorImpl.invoke(NativeMethodAccessorImpl.java:62)
	at java.base/jdk.internal.reflect.DelegatingMethodAccessorImpl.invoke(DelegatingMethodAccessorImpl.java:43)
	at java.base/java.lang.reflect.Method.invoke(Method.java:566)
	at org.junit.runners.model.FrameworkMethod$1.runReflectiveCall(FrameworkMethod.java:59)
	at org.junit.internal.runners.model.ReflectiveCallable.run(ReflectiveCallable.java:12)
	at org.junit.runners.model.FrameworkMethod.invokeExplosively(FrameworkMethod.java:56)
	at org.junit.internal.runners.statements.InvokeMethod.evaluate(InvokeMethod.java:17)
	at org.junit.internal.runners.statements.RunBefores.evaluate(RunBefores.java:26)
	at org.junit.internal.runners.statements.RunAfters.evaluate(RunAfters.java:27)
	at org.junit.rules.ExternalResource$1.evaluate(ExternalResource.java:54)
	at org.junit.runners.ParentRunner$3.evaluate(ParentRunner.java:306)
	at org.junit.runners.BlockJUnit4ClassRunner$1.evaluate(BlockJUnit4ClassRunner.java:100)
	at org.junit.runners.ParentRunner.runLeaf(ParentRunner.java:366)
	at org.junit.runners.BlockJUnit4ClassRunner.runChild(BlockJUnit4ClassRunner.java:103)
	at org.junit.runners.BlockJUnit4ClassRunner.runChild(BlockJUnit4ClassRunner.java:63)
	at org.junit.runners.ParentRunner$4.run(ParentRunner.java:331)
	at org.junit.runners.ParentRunner$1.schedule(ParentRunner.java:79)
	at org.junit.runners.ParentRunner.runChildren(ParentRunner.java:329)
	at org.junit.runners.ParentRunner.access$100(ParentRunner.java:66)
	at org.junit.runners.ParentRunner$2.evaluate(ParentRunner.java:293)
	at org.junit.internal.runners.statements.RunBefores.evaluate(RunBefores.java:26)
	at org.junit.internal.runners.statements.RunAfters.evaluate(RunAfters.java:27)
	at org.junit.runners.ParentRunner$3.evaluate(ParentRunner.java:306)
	at org.junit.runners.ParentRunner.run(ParentRunner.java:413)
	at org.junit.runners.Suite.runChild(Suite.java:128)
	at org.junit.runners.Suite.runChild(Suite.java:27)
	at org.junit.runners.ParentRunner$4.run(ParentRunner.java:331)
	at org.junit.runners.ParentRunner$1.schedule(ParentRunner.java:79)
	at org.junit.runners.ParentRunner.runChildren(ParentRunner.java:329)
	at org.junit.runners.ParentRunner.access$100(ParentRunner.java:66)
	at org.junit.runners.ParentRunner$2.evaluate(ParentRunner.java:293)
	at org.junit.runners.ParentRunner$3.evaluate(ParentRunner.java:306)
	at org.junit.runners.ParentRunner.run(ParentRunner.java:413)
	at org.apache.maven.surefire.junitcore.JUnitCore.run(JUnitCore.java:55)
	at org.apache.maven.surefire.junitcore.JUnitCoreWrapper.createRequestAndRun(JUnitCoreWrapper.java:137)
	at org.apache.maven.surefire.junitcore.JUnitCoreWrapper.executeEager(JUnitCoreWrapper.java:107)
	at org.apache.maven.surefire.junitcore.JUnitCoreWrapper.execute(JUnitCoreWrapper.java:83)
	at org.apache.maven.surefire.junitcore.JUnitCoreWrapper.execute(JUnitCoreWrapper.java:75)
	at org.apache.maven.surefire.junitcore.JUnitCoreProvider.invoke(JUnitCoreProvider.java:158)
	at org.apache.maven.surefire.booter.ForkedBooter.invokeProviderInSameClassLoader(ForkedBooter.java:384)
	at org.apache.maven.surefire.booter.ForkedBooter.runSuitesInProcess(ForkedBooter.java:345)
	at org.apache.maven.surefire.booter.ForkedBooter.execute(ForkedBooter.java:126)
	at org.apache.maven.surefire.booter.ForkedBooter.main(ForkedBooter.java:418)

[INFO] 
[INFO] Results:
[INFO] 
Error:  Errors: 
Error:    GuestTokenDefaultLdapLoginModuleTest>LdapLoginTestBase.testLoginSetsAuthInfo:293->AbstractSecurityTest.login:176 » Login
[INFO] 
Error:  Tests run: 1, Failures: 0, Errors: 1, Skipped: 0
[INFO] 
INFO: Surefire failed when running tests for HrRMV1ty1KY5wUn8tywyF65St7PFS+vCnLZPS9qA=
INFO: Adding excluded groups to newly created one
INFO: Adding NonDex argLine to existing argLine specified by the project
CONFIG: nondexFilter=.*
nondexMode=FULL
nondexSeed=1016066
nondexStart=0
nondexEnd=9223372036854775807
nondexPrintstack=false
nondexDir=/home/runner/work/jackrabbit-oak/jackrabbit-oak/oak-auth-ldap/.nondex
nondexJarDir=/home/runner/work/jackrabbit-oak/jackrabbit-oak/oak-auth-ldap/.nondex
nondexExecid=8a+GtCmxxShz1hWjOMMfp+iRuiFl1gkiYr8UU4zkOTc=
nondexLogging=CONFIG
test=
[INFO] 
[INFO] -------------------------------------------------------
[INFO]  T E S T S
[INFO] -------------------------------------------------------
[INFO] Running org.apache.jackrabbit.oak.security.authentication.ldap.GuestTokenDefaultLdapLoginModuleTest
Error:  Tests run: 1, Failures: 0, Errors: 1, Skipped: 0, Time elapsed: 2.468 s <<< FAILURE! - in org.apache.jackrabbit.oak.security.authentication.ldap.GuestTokenDefaultLdapLoginModuleTest
Error:  testLoginSetsAuthInfo(org.apache.jackrabbit.oak.security.authentication.ldap.GuestTokenDefaultLdapLoginModuleTest)  Time elapsed: 2.443 s  <<< ERROR!
javax.security.auth.login.LoginException: Login Failure: all modules ignored
	at java.base/javax.security.auth.login.LoginContext.invoke(LoginContext.java:892)
	at java.base/javax.security.auth.login.LoginContext$4.run(LoginContext.java:672)
	at java.base/javax.security.auth.login.LoginContext$4.run(LoginContext.java:670)
	at java.base/java.security.AccessController.doPrivileged(Native Method)
	at java.base/javax.security.auth.login.LoginContext.invokePriv(LoginContext.java:670)
	at java.base/javax.security.auth.login.LoginContext.login(LoginContext.java:581)
	at org.apache.jackrabbit.oak.core.ContentRepositoryImpl.login(ContentRepositoryImpl.java:170)
	at org.apache.jackrabbit.oak.AbstractSecurityTest.login(AbstractSecurityTest.java:176)
	at org.apache.jackrabbit.oak.security.authentication.ldap.LdapLoginTestBase.testLoginSetsAuthInfo(LdapLoginTestBase.java:293)
	at java.base/jdk.internal.reflect.NativeMethodAccessorImpl.invoke0(Native Method)
	at java.base/jdk.internal.reflect.NativeMethodAccessorImpl.invoke(NativeMethodAccessorImpl.java:62)
	at java.base/jdk.internal.reflect.DelegatingMethodAccessorImpl.invoke(DelegatingMethodAccessorImpl.java:43)
	at java.base/java.lang.reflect.Method.invoke(Method.java:566)
	at org.junit.runners.model.FrameworkMethod$1.runReflectiveCall(FrameworkMethod.java:59)
	at org.junit.internal.runners.model.ReflectiveCallable.run(ReflectiveCallable.java:12)
	at org.junit.runners.model.FrameworkMethod.invokeExplosively(FrameworkMethod.java:56)
	at org.junit.internal.runners.statements.InvokeMethod.evaluate(InvokeMethod.java:17)
	at org.junit.internal.runners.statements.RunBefores.evaluate(RunBefores.java:26)
	at org.junit.internal.runners.statements.RunAfters.evaluate(RunAfters.java:27)
	at org.junit.rules.ExternalResource$1.evaluate(ExternalResource.java:54)
	at org.junit.runners.ParentRunner$3.evaluate(ParentRunner.java:306)
	at org.junit.runners.BlockJUnit4ClassRunner$1.evaluate(BlockJUnit4ClassRunner.java:100)
	at org.junit.runners.ParentRunner.runLeaf(ParentRunner.java:366)
	at org.junit.runners.BlockJUnit4ClassRunner.runChild(BlockJUnit4ClassRunner.java:103)
	at org.junit.runners.BlockJUnit4ClassRunner.runChild(BlockJUnit4ClassRunner.java:63)
	at org.junit.runners.ParentRunner$4.run(ParentRunner.java:331)
	at org.junit.runners.ParentRunner$1.schedule(ParentRunner.java:79)
	at org.junit.runners.ParentRunner.runChildren(ParentRunner.java:329)
	at org.junit.runners.ParentRunner.access$100(ParentRunner.java:66)
	at org.junit.runners.ParentRunner$2.evaluate(ParentRunner.java:293)
	at org.junit.internal.runners.statements.RunBefores.evaluate(RunBefores.java:26)
	at org.junit.internal.runners.statements.RunAfters.evaluate(RunAfters.java:27)
	at org.junit.runners.ParentRunner$3.evaluate(ParentRunner.java:306)
	at org.junit.runners.ParentRunner.run(ParentRunner.java:413)
	at org.junit.runners.Suite.runChild(Suite.java:128)
	at org.junit.runners.Suite.runChild(Suite.java:27)
	at org.junit.runners.ParentRunner$4.run(ParentRunner.java:331)
	at org.junit.runners.ParentRunner$1.schedule(ParentRunner.java:79)
	at org.junit.runners.ParentRunner.runChildren(ParentRunner.java:329)
	at org.junit.runners.ParentRunner.access$100(ParentRunner.java:66)
	at org.junit.runners.ParentRunner$2.evaluate(ParentRunner.java:293)
	at org.junit.runners.ParentRunner$3.evaluate(ParentRunner.java:306)
	at org.junit.runners.ParentRunner.run(ParentRunner.java:413)
	at org.apache.maven.surefire.junitcore.JUnitCore.run(JUnitCore.java:55)
	at org.apache.maven.surefire.junitcore.JUnitCoreWrapper.createRequestAndRun(JUnitCoreWrapper.java:137)
	at org.apache.maven.surefire.junitcore.JUnitCoreWrapper.executeEager(JUnitCoreWrapper.java:107)
	at org.apache.maven.surefire.junitcore.JUnitCoreWrapper.execute(JUnitCoreWrapper.java:83)
	at org.apache.maven.surefire.junitcore.JUnitCoreWrapper.execute(JUnitCoreWrapper.java:75)
	at org.apache.maven.surefire.junitcore.JUnitCoreProvider.invoke(JUnitCoreProvider.java:158)
	at org.apache.maven.surefire.booter.ForkedBooter.invokeProviderInSameClassLoader(ForkedBooter.java:384)
	at org.apache.maven.surefire.booter.ForkedBooter.runSuitesInProcess(ForkedBooter.java:345)
	at org.apache.maven.surefire.booter.ForkedBooter.execute(ForkedBooter.java:126)
	at org.apache.maven.surefire.booter.ForkedBooter.main(ForkedBooter.java:418)

[INFO] 
[INFO] Results:
[INFO] 
Error:  Errors: 
Error:    GuestTokenDefaultLdapLoginModuleTest>LdapLoginTestBase.testLoginSetsAuthInfo:293->AbstractSecurityTest.login:176 » Login
[INFO] 
Error:  Tests run: 1, Failures: 0, Errors: 1, Skipped: 0
[INFO] 
INFO: Surefire failed when running tests for 8a+GtCmxxShz1hWjOMMfp+iRuiFl1gkiYr8UU4zkOTc=
[INFO] NonDex SUMMARY:
[INFO] *********
[INFO] mvn nondex:nondex  -DnondexFilter='.*' -DnondexMode=FULL -DnondexSeed=933178 -DnondexStart=0 -DnondexEnd=9223372036854775807 -DnondexPrintstack=false -DnondexDir="/home/runner/work/jackrabbit-oak/jackrabbit-oak/oak-auth-ldap/.nondex" -DnondexJarDir="/home/runner/work/jackrabbit-oak/jackrabbit-oak/oak-auth-ldap/.nondex" -DnondexExecid=on5W7u5s6hQQPGVdTX71dxNN+ekOWU9w6xL13apCpOo= -DnondexLogging=CONFIG
Warning:  org.apache.jackrabbit.oak.security.authentication.ldap.GuestTokenDefaultLdapLoginModuleTest#testLoginSetsAuthInfo
[INFO] *********
[INFO] *********
[INFO] mvn nondex:nondex  -DnondexFilter='.*' -DnondexMode=FULL -DnondexSeed=974622 -DnondexStart=0 -DnondexEnd=9223372036854775807 -DnondexPrintstack=false -DnondexDir="/home/runner/work/jackrabbit-oak/jackrabbit-oak/oak-auth-ldap/.nondex" -DnondexJarDir="/home/runner/work/jackrabbit-oak/jackrabbit-oak/oak-auth-ldap/.nondex" -DnondexExecid=HrRMV1ty1KY5wUn8tywyF65St7PFS+vCnLZPS9qA= -DnondexLogging=CONFIG
Warning:  org.apache.jackrabbit.oak.security.authentication.ldap.GuestTokenDefaultLdapLoginModuleTest#testLoginSetsAuthInfo
[INFO] *********
[INFO] *********
[INFO] mvn nondex:nondex  -DnondexFilter='.*' -DnondexMode=FULL -DnondexSeed=1016066 -DnondexStart=0 -DnondexEnd=9223372036854775807 -DnondexPrintstack=false -DnondexDir="/home/runner/work/jackrabbit-oak/jackrabbit-oak/oak-auth-ldap/.nondex" -DnondexJarDir="/home/runner/work/jackrabbit-oak/jackrabbit-oak/oak-auth-ldap/.nondex" -DnondexExecid=8a+GtCmxxShz1hWjOMMfp+iRuiFl1gkiYr8UU4zkOTc= -DnondexLogging=CONFIG
Warning:  org.apache.jackrabbit.oak.security.authentication.ldap.GuestTokenDefaultLdapLoginModuleTest#testLoginSetsAuthInfo
[INFO] *********
[INFO] All tests pass without NonDex shuffling
[INFO] ####################
[INFO] Across all seeds:
[INFO] org.apache.jackrabbit.oak.security.authentication.ldap.GuestTokenDefaultLdapLoginModuleTest#testLoginSetsAuthInfo
[INFO] Test results can be found at: 
[INFO] file:///home/runner/work/jackrabbit-oak/jackrabbit-oak/oak-auth-ldap/.nondex/on5W7u5s6hQQPGVdTX71dxNN+ekOWU9w6xL13apCpOo=/test_results.html
[INFO] [NonDex] The id of this run is: on5W7u5s6hQQPGVdTX71dxNN+ekOWU9w6xL13apCpOo=
[INFO] ------------------------------------------------------------------------
[INFO] BUILD FAILURE
[INFO] ------------------------------------------------------------------------
[INFO] Total time:  24.195 s
[INFO] Finished at: 2026-03-15T23:56:37Z
[INFO] ------------------------------------------------------------------------
Error:  Failed to execute goal edu.illinois:nondex-maven-plugin:2.1.1:nondex (default-cli) on project oak-auth-ldap: Unable to execute mojo: There are test failures.
Error:  
Error:  Please refer to /home/runner/work/jackrabbit-oak/jackrabbit-oak/oak-auth-ldap/.nondex/on5W7u5s6hQQPGVdTX71dxNN+ekOWU9w6xL13apCpOo= for the individual test results.
Error:  Please refer to dump files (if any exist) [date].dump, [date]-jvmRun[N].dump and [date].dumpstream.
Error:  -> [Help 1]
Error:  
Error:  To see the full stack trace of the errors, re-run Maven with the -e switch.
Error:  Re-run Maven using the -X switch to enable full debug logging.
Error:  
Error:  For more information about the errors and possible solutions, please read the following articles:
Error:  [Help 1] http://cwiki.apache.org/confluence/display/MAVEN/MojoExecutionException
Error: Process completed with exit code 1.
0s
1s
0s

